<?xml version="1.0" encoding="UTF-8"?>
<?xml-stylesheet type="text/xsl" href="../style/lookup.xsl"?>
<!DOCTYPE WORD SYSTEM "word.dtd">
<WORD name="as_expected" modified="Sat May 13 01:45:06 2017">
<POS name="adv">
<CLASS onttype="predicate" words="anyhow,as expected" ancestors="abstract-object,referential-sem,any-sem,root">
<FRAME desc="disc-templ" />
</CLASS>
</POS>
</WORD>
