<?xml version="1.0" encoding="UTF-8"?>
<?xml-stylesheet type="text/xsl" href="../style/lookup.xsl"?>
<!DOCTYPE WORD SYSTEM "word.dtd">
<WORD name="expected" modified="Tue Jul  3 01:44:26 2018">
<POS name="v">
<MORPH cat="12s123pbase" to="expect" />
<MORPH cat="3s" to="expects" />
<MORPH cat="past" to="expected" />
<MORPH cat="pastpart" to="expected" />
<MORPH cat="ing" to="expecting" />
<MORPH cat="nom" to="expectation" />
<CLASS onttype="expectation" words="anticipate,expect,foreknow,foresee,suspect" ancestors="attitude-of-belief,awareness,event-of-experience,event-of-state,situation-root,referential-sem,any-sem,root">
<FRAME desc="expletive-formal-templ" example="it is expected (that)..." />
</CLASS>
</POS>
</WORD>
